// Jest Snapshot v1, https://goo.gl/fbAQLP

exports[`matches snapshot 1`] = `
<DocumentFragment>
  <div
    class="App"
  >
    <div>
      <h1>
        Todo List
      </h1>
      <form>
        <input
          id="task"
          name="task"
          placeholder="Enter new ToDo here..."
          type="Text"
          value=""
        />
        <button
          class="input-btn"
          type="submit"
        >
          Add New ToDo
        </button>
      </form>
      <div>
        <button
          class="btn"
          type="button"
        >
          ❌
        </button>
        <h3
          class="todo-item"
        >
          Finish App
        </h3>
      </div>
      <div>
        <button
          class="btn"
          type="button"
        >
          ❌
        </button>
        <h3
          class="todo-item"
        >
          Finish Testing
        </h3>
      </div>
    </div>
  </div>
</DocumentFragment>
`;
